// Jest Snapshot v1, https://goo.gl/fbAQLP

exports[`Property correctly renders after relaunch 1`] = `
<li
  className="reviews__item"
>
  <div
    className="reviews__user user"
  >
    <div
      className="reviews__avatar-wrapper user__avatar-wrapper"
    >
      <img
        alt="Reviews avatar"
        className="reviews__avatar user__avatar"
        height="54"
        src="4.jpg"
        width="54"
      />
    </div>
    <span
      className="reviews__user-name"
    >
      
    </span>
  </div>
  <div
    className="reviews__info"
  >
    <div
      className="reviews__rating rating"
    >
      <div
        className="reviews__stars rating__stars"
      >
        <span
          style={
            Object {
              "width": "40%",
            }
          }
        />
        <span
          className="visually-hidden"
        >
          Rating
        </span>
      </div>
    </div>
    <p
      className="reviews__text"
    >
      The room was spacious and clean.
    </p>
    <time
      className="reviews__time"
      dateTime="2019-06-20T16:39:57.287Z"
    >
      2019-6-20
    </time>
  </div>
</li>
`;
